     VMA      LMA     Size Align Out     In      Symbol
       0        0 80000000     1 . = 0x80000000
80000000 80000000       3c     2 .text
80000000 80000000       3c     1         /var/folders/c2/4rtf0tkx0h528wq9qbr0p13h0000gn/T/boot-609980.o:(.boot)
80000000 80000000        0     1                 
80000000 80000000        0     1                 
80000000 80000000        0     1                 _start
80000004 80000004        0     1                 
80000008 80000008        0     1                 hoge
80000008 80000008        0     1                 
80000008 80000008        0     1                 
8000000c 8000000c        0     1                 
80000010 80000010        0     1                 
80000014 80000014        0     1                 
80000018 80000018        0     1                 
8000001c 8000001c        0     1                 
80000020 80000020        0     1                 
80000024 80000024        0     1                 
80000028 80000028        0     1                 
8000002c 8000002c        0     1                 cpu_id_three
8000002c 8000002c        0     1                 
8000002c 8000002c        0     1                 
80000030 80000030        0     1                 cpu_id_two
80000030 80000030        0     1                 
80000030 80000030        0     1                 
80000034 80000034        0     1                 cpu_id_one
80000034 80000034        0     1                 
80000034 80000034        0     1                 
80000038 80000038        0     1                 cpu_id_zero
80000038 80000038        0     1                 
80000038 80000038        0     1                 
8000003c 8000003c        0     1                 
8000003c 8000003c        0     2         /var/folders/c2/4rtf0tkx0h528wq9qbr0p13h0000gn/T/boot-609980.o:(.text)
8000003c 8000003c      400     1 .bss
8000003c 8000003c      400     1         /var/folders/c2/4rtf0tkx0h528wq9qbr0p13h0000gn/T/boot-609980.o:(.bss)
8000003c 8000003c        0     1                 stacks
       0        0       29     1 .riscv.attributes
       0        0       29     1         <internal>:(.riscv.attributes)
       0        0       f2     1 .debug_info
       0        0       f2     1         /var/folders/c2/4rtf0tkx0h528wq9qbr0p13h0000gn/T/boot-609980.o:(.debug_info)
       0        0        0     1                 
       0        0       21     1 .debug_abbrev
       0        0       21     1         /var/folders/c2/4rtf0tkx0h528wq9qbr0p13h0000gn/T/boot-609980.o:(.debug_abbrev)
       0        0        0     1                 
       0        0       20     1 .debug_aranges
       0        0       20     1         /var/folders/c2/4rtf0tkx0h528wq9qbr0p13h0000gn/T/boot-609980.o:(.debug_aranges)
       0        0       8a     1 .debug_line
       0        0       8a     1         /var/folders/c2/4rtf0tkx0h528wq9qbr0p13h0000gn/T/boot-609980.o:(.debug_line)
       0        0        0     1                 .Lline_table_start0
       0        0       1c     1 .comment
       0        0       1c     1         <internal>:(.comment)
       0        0      210     4 .symtab
       0        0      210     4         <internal>:(.symtab)
       0        0       76     1 .shstrtab
       0        0       76     1         <internal>:(.shstrtab)
       0        0       49     1 .strtab
       0        0       49     1         <internal>:(.strtab)
